Archive member included to satisfy reference by file (symbol)

C:/ST/STM32CubeIDE_1.16.0/STM32CubeIDE/plugins/com.st.stm32cube.ide.mcu.externaltools.gnu-tools-for-stm32.12.3.rel1.win32_1.0.200.202406191623/tools/bin/../lib/gcc/arm-none-eabi/12.3.1/../../../../arm-none-eabi/lib/thumb/v7-m/nofp\libc_nano.a(libc_a-exit.o)
                              C:/ST/STM32CubeIDE_1.16.0/STM32CubeIDE/plugins/com.st.stm32cube.ide.mcu.externaltools.gnu-tools-for-stm32.12.3.rel1.win32_1.0.200.202406191623/tools/bin/../lib/gcc/arm-none-eabi/12.3.1/../../../../arm-none-eabi/lib/thumb/v7-m/nofp/crt0.o (exit)
C:/ST/STM32CubeIDE_1.16.0/STM32CubeIDE/plugins/com.st.stm32cube.ide.mcu.externaltools.gnu-tools-for-stm32.12.3.rel1.win32_1.0.200.202406191623/tools/bin/../lib/gcc/arm-none-eabi/12.3.1/../../../../arm-none-eabi/lib/thumb/v7-m/nofp\libc_nano.a(libc_a-findfp.o)
                              C:/ST/STM32CubeIDE_1.16.0/STM32CubeIDE/plugins/com.st.stm32cube.ide.mcu.externaltools.gnu-tools-for-stm32.12.3.rel1.win32_1.0.200.202406191623/tools/bin/../lib/gcc/arm-none-eabi/12.3.1/../../../../arm-none-eabi/lib/thumb/v7-m/nofp\libc_nano.a(libc_a-exit.o) (__stdio_exit_handler)
C:/ST/STM32CubeIDE_1.16.0/STM32CubeIDE/plugins/com.st.stm32cube.ide.mcu.externaltools.gnu-tools-for-stm32.12.3.rel1.win32_1.0.200.202406191623/tools/bin/../lib/gcc/arm-none-eabi/12.3.1/../../../../arm-none-eabi/lib/thumb/v7-m/nofp\libc_nano.a(libc_a-fwalk.o)
                              C:/ST/STM32CubeIDE_1.16.0/STM32CubeIDE/plugins/com.st.stm32cube.ide.mcu.externaltools.gnu-tools-for-stm32.12.3.rel1.win32_1.0.200.202406191623/tools/bin/../lib/gcc/arm-none-eabi/12.3.1/../../../../arm-none-eabi/lib/thumb/v7-m/nofp\libc_nano.a(libc_a-findfp.o) (_fwalk_sglue)
C:/ST/STM32CubeIDE_1.16.0/STM32CubeIDE/plugins/com.st.stm32cube.ide.mcu.externaltools.gnu-tools-for-stm32.12.3.rel1.win32_1.0.200.202406191623/tools/bin/../lib/gcc/arm-none-eabi/12.3.1/../../../../arm-none-eabi/lib/thumb/v7-m/nofp\libc_nano.a(libc_a-stdio.o)
                              C:/ST/STM32CubeIDE_1.16.0/STM32CubeIDE/plugins/com.st.stm32cube.ide.mcu.externaltools.gnu-tools-for-stm32.12.3.rel1.win32_1.0.200.202406191623/tools/bin/../lib/gcc/arm-none-eabi/12.3.1/../../../../arm-none-eabi/lib/thumb/v7-m/nofp\libc_nano.a(libc_a-findfp.o) (__sread)
C:/ST/STM32CubeIDE_1.16.0/STM32CubeIDE/plugins/com.st.stm32cube.ide.mcu.externaltools.gnu-tools-for-stm32.12.3.rel1.win32_1.0.200.202406191623/tools/bin/../lib/gcc/arm-none-eabi/12.3.1/../../../../arm-none-eabi/lib/thumb/v7-m/nofp\libc_nano.a(libc_a-memset.o)
                              C:/ST/STM32CubeIDE_1.16.0/STM32CubeIDE/plugins/com.st.stm32cube.ide.mcu.externaltools.gnu-tools-for-stm32.12.3.rel1.win32_1.0.200.202406191623/tools/bin/../lib/gcc/arm-none-eabi/12.3.1/../../../../arm-none-eabi/lib/thumb/v7-m/nofp/crt0.o (memset)
C:/ST/STM32CubeIDE_1.16.0/STM32CubeIDE/plugins/com.st.stm32cube.ide.mcu.externaltools.gnu-tools-for-stm32.12.3.rel1.win32_1.0.200.202406191623/tools/bin/../lib/gcc/arm-none-eabi/12.3.1/../../../../arm-none-eabi/lib/thumb/v7-m/nofp\libc_nano.a(libc_a-closer.o)
                              C:/ST/STM32CubeIDE_1.16.0/STM32CubeIDE/plugins/com.st.stm32cube.ide.mcu.externaltools.gnu-tools-for-stm32.12.3.rel1.win32_1.0.200.202406191623/tools/bin/../lib/gcc/arm-none-eabi/12.3.1/../../../../arm-none-eabi/lib/thumb/v7-m/nofp\libc_nano.a(libc_a-stdio.o) (_close_r)
C:/ST/STM32CubeIDE_1.16.0/STM32CubeIDE/plugins/com.st.stm32cube.ide.mcu.externaltools.gnu-tools-for-stm32.12.3.rel1.win32_1.0.200.202406191623/tools/bin/../lib/gcc/arm-none-eabi/12.3.1/../../../../arm-none-eabi/lib/thumb/v7-m/nofp\libc_nano.a(libc_a-reent.o)
                              C:/ST/STM32CubeIDE_1.16.0/STM32CubeIDE/plugins/com.st.stm32cube.ide.mcu.externaltools.gnu-tools-for-stm32.12.3.rel1.win32_1.0.200.202406191623/tools/bin/../lib/gcc/arm-none-eabi/12.3.1/../../../../arm-none-eabi/lib/thumb/v7-m/nofp\libc_nano.a(libc_a-closer.o) (errno)
C:/ST/STM32CubeIDE_1.16.0/STM32CubeIDE/plugins/com.st.stm32cube.ide.mcu.externaltools.gnu-tools-for-stm32.12.3.rel1.win32_1.0.200.202406191623/tools/bin/../lib/gcc/arm-none-eabi/12.3.1/../../../../arm-none-eabi/lib/thumb/v7-m/nofp\libc_nano.a(libc_a-impure.o)
                              C:/ST/STM32CubeIDE_1.16.0/STM32CubeIDE/plugins/com.st.stm32cube.ide.mcu.externaltools.gnu-tools-for-stm32.12.3.rel1.win32_1.0.200.202406191623/tools/bin/../lib/gcc/arm-none-eabi/12.3.1/../../../../arm-none-eabi/lib/thumb/v7-m/nofp\libc_nano.a(libc_a-reent.o) (_impure_ptr)
C:/ST/STM32CubeIDE_1.16.0/STM32CubeIDE/plugins/com.st.stm32cube.ide.mcu.externaltools.gnu-tools-for-stm32.12.3.rel1.win32_1.0.200.202406191623/tools/bin/../lib/gcc/arm-none-eabi/12.3.1/../../../../arm-none-eabi/lib/thumb/v7-m/nofp\libc_nano.a(libc_a-lseekr.o)
[...]
Memory Configuration

Name             Origin             Length             Attributes
RAM              0x20000000         0x00005000         xrw
FLASH            0x08000000         0x00020000         xr
*default*        0x00000000         0xffffffff

Linker script and memory map

LOAD C:/ST/STM32CubeIDE_1.16.0/STM32CubeIDE/plugins/com.st.stm32cube.ide.mcu.externaltools.gnu-tools-for-stm32.12.3.rel1.win32_1.0.200.202406191623/tools/bin/../lib/gcc/arm-none-eabi/12.3.1/thumb/v7-m/nofp/crti.o
LOAD C:/ST/STM32CubeIDE_1.16.0/STM32CubeIDE/plugins/com.st.stm32cube.ide.mcu.externaltools.gnu-tools-for-stm32.12.3.rel1.win32_1.0.200.202406191623/tools/bin/../lib/gcc/arm-none-eabi/12.3.1/thumb/v7-m/nofp/crtbegin.o
LOAD C:/ST/STM32CubeIDE_1.16.0/STM32CubeIDE/plugins/com.st.stm32cube.ide.mcu.externaltools.gnu-tools-for-stm32.12.3.rel1.win32_1.0.200.202406191623/tools/bin/../lib/gcc/arm-none-eabi/12.3.1/../../../../arm-none-eabi/lib/thumb/v7-m/nofp/crt0.o
LOAD ./Core/Src/display7SEG.o
LOAD ./Core/Src/ex1.o
LOAD ./Core/Src/ex10.o
LOAD ./Core/Src/ex2.o
LOAD ./Core/Src/ex3.o
LOAD ./Core/Src/ex4.o
LOAD ./Core/Src/ex5.o
LOAD ./Core/Src/ex9.o
LOAD ./Core/Src/main.o
LOAD ./Core/Src/stm32f1xx_hal_msp.o
LOAD ./Core/Src/stm32f1xx_it.o
LOAD ./Core/Src/syscalls.o
LOAD ./Core/Src/sysmem.o
LOAD ./Core/Src/system_stm32f1xx.o
LOAD ./Core/Src/timer.o
LOAD ./Core/Startup/startup_stm32f103rbtx.o
LOAD ./Drivers/STM32F1xx_HAL_Driver/Src/stm32f1xx_hal.o
LOAD ./Drivers/STM32F1xx_HAL_Driver/Src/stm32f1xx_hal_cortex.o
LOAD ./Drivers/STM32F1xx_HAL_Driver/Src/stm32f1xx_hal_dma.o
LOAD ./Drivers/STM32F1xx_HAL_Driver/Src/stm32f1xx_hal_exti.o
LOAD ./Drivers/STM32F1xx_HAL_Driver/Src/stm32f1xx_hal_flash.o
LOAD ./Drivers/STM32F1xx_HAL_Driver/Src/stm32f1xx_hal_flash_ex.o
LOAD ./Drivers/STM32F1xx_HAL_Driver/Src/stm32f1xx_hal_gpio.o
LOAD ./Drivers/STM32F1xx_HAL_Driver/Src/stm32f1xx_hal_gpio_ex.o
LOAD ./Drivers/STM32F1xx_HAL_Driver/Src/stm32f1xx_hal_pwr.o
LOAD ./Drivers/STM32F1xx_HAL_Driver/Src/stm32f1xx_hal_rcc.o
LOAD ./Drivers/STM32F1xx_HAL_Driver/Src/stm32f1xx_hal_rcc_ex.o
LOAD ./Drivers/STM32F1xx_HAL_Driver/Src/stm32f1xx_hal_tim.o
LOAD ./Drivers/STM32F1xx_HAL_Driver/Src/stm32f1xx_hal_tim_ex.o
START GROUP
LOAD C:/ST/STM32CubeIDE_1.16.0/STM32CubeIDE/plugins/com.st.stm32cube.ide.mcu.externaltools.gnu-tools-for-stm32.12.3.rel1.win32_1.0.200.202406191623/tools/bin/../lib/gcc/arm-none-eabi/12.3.1/../../../../arm-none-eabi/lib/thumb/v7-m/nofp\libc_nano.a
LOAD C:/ST/STM32CubeIDE_1.16.0/STM32CubeIDE/plugins/com.st.stm32cube.ide.mcu.externaltools.gnu-tools-for-stm32.12.3.rel1.win32_1.0.200.202406191623/tools/bin/../lib/gcc/arm-none-eabi/12.3.1/../../../../arm-none-eabi/lib/thumb/v7-m/nofp\libm.a
END GROUP
START GROUP
LOAD C:/ST/STM32CubeIDE_1.16.0/STM32CubeIDE/plugins/com.st.stm32cube.ide.mcu.externaltools.gnu-tools-for-stm32.12.3.rel1.win32_1.0.200.202406191623/tools/bin/../lib/gcc/arm-none-eabi/12.3.1/thumb/v7-m/nofp\libgcc.a
LOAD C:/ST/STM32CubeIDE_1.16.0/STM32CubeIDE/plugins/com.st.stm32cube.ide.mcu.externaltools.gnu-tools-for-stm32.12.3.rel1.win32_1.0.200.202406191623/tools/bin/../lib/gcc/arm-none-eabi/12.3.1/../../../../arm-none-eabi/lib/thumb/v7-m/nofp\libc_nano.a
END GROUP
START GROUP
LOAD C:/ST/STM32CubeIDE_1.16.0/STM32CubeIDE/plugins/com.st.stm32cube.ide.mcu.externaltools.gnu-tools-for-stm32.12.3.rel1.win32_1.0.200.202406191623/tools/bin/../lib/gcc/arm-none-eabi/12.3.1/thumb/v7-m/nofp\libgcc.a
LOAD C:/ST/STM32CubeIDE_1.16.0/STM32CubeIDE/plugins/com.st.stm32cube.ide.mcu.externaltools.gnu-tools-for-stm32.12.3.rel1.win32_1.0.200.202406191623/tools/bin/../lib/gcc/arm-none-eabi/12.3.1/../../../../arm-none-eabi/lib/thumb/v7-m/nofp\libc_nano.a
LOAD C:/ST/STM32CubeIDE_1.16.0/STM32CubeIDE/plugins/com.st.stm32cube.ide.mcu.externaltools.gnu-tools-for-stm32.12.3.rel1.win32_1.0.200.202406191623/tools/bin/../lib/gcc/arm-none-eabi/12.3.1/../../../../arm-none-eabi/lib/thumb/v7-m/nofp\libnosys.a
END GROUP
START GROUP
LOAD C:/ST/STM32CubeIDE_1.16.0/STM32CubeIDE/plugins/com.st.stm32cube.ide.mcu.externaltools.gnu-tools-for-stm32.12.3.rel1.win32_1.0.200.202406191623/tools/bin/../lib/gcc/arm-none-eabi/12.3.1/thumb/v7-m/nofp\libgcc.a
LOAD C:/ST/STM32CubeIDE_1.16.0/STM32CubeIDE/plugins/com.st.stm32cube.ide.mcu.externaltools.gnu-tools-for-stm32.12.3.rel1.win32_1.0.200.202406191623/tools/bin/../lib/gcc/arm-none-eabi/12.3.1/../../../../arm-none-eabi/lib/thumb/v7-m/nofp\libc_nano.a
LOAD C:/ST/STM32CubeIDE_1.16.0/STM32CubeIDE/plugins/com.st.stm32cube.ide.mcu.externaltools.gnu-tools-for-stm32.12.3.rel1.win32_1.0.200.202406191623/tools/bin/../lib/gcc/arm-none-eabi/12.3.1/../../../../arm-none-eabi/lib/thumb/v7-m/nofp\libnosys.a
END GROUP
LOAD C:/ST/STM32CubeIDE_1.16.0/STM32CubeIDE/plugins/com.st.stm32cube.ide.mcu.externaltools.gnu-tools-for-stm32.12.3.rel1.win32_1.0.200.202406191623/tools/bin/../lib/gcc/arm-none-eabi/12.3.1/thumb/v7-m/nofp/crtend.o
LOAD C:/ST/STM32CubeIDE_1.16.0/STM32CubeIDE/plugins/com.st.stm32cube.ide.mcu.externaltools.gnu-tools-for-stm32.12.3.rel1.win32_1.0.200.202406191623/tools/bin/../lib/gcc/arm-none-eabi/12.3.1/thumb/v7-m/nofp/crtn.o
                0x20005000                        _estack = (ORIGIN (RAM) + LENGTH (RAM))
                0x00000200                        _Min_Heap_Size = 0x200
                0x00000400                        _Min_Stack_Size = 0x400

.isr_vector     0x08000000      0x10c
                0x08000000                        . = ALIGN (0x4)
 *(.isr_vector)
 .isr_vector    0x08000000      0x10c ./Core/Startup/startup_stm32f103rbtx.o
                0x08000000                g_pfnVectors
                0x0800010c                        . = ALIGN (0x4)

.text           0x0800010c     0x1df8
                0x0800010c                        . = ALIGN (0x4)
 *(.text)
 .text          0x0800010c       0x40 C:/ST/STM32CubeIDE_1.16.0/STM32CubeIDE/plugins/com.st.stm32cube.ide.mcu.externaltools.gnu-tools-for-stm32.12.3.rel1.win32_1.0.200.202406191623/tools/bin/../lib/gcc/arm-none-eabi/12.3.1/thumb/v7-m/nofp/crtbegin.o
 *(.text*)
 .text.display7SEG
                0x0800014c       0xd0 ./Core/Src/display7SEG.o
                0x0800014c                display7SEG
 .text.update7SEG
                0x0800021c       0xc0 ./Core/Src/ex3.o
                0x0800021c                update7SEG
 .text.updateClockBuffer
                0x080002dc       0xa4 ./Core/Src/ex5.o
                0x080002dc                updateClockBuffer
 .text.excute_ex5
                0x08000380       0x60 ./Core/Src/ex5.o
                0x08000380                excute_ex5
 .text.setTimer2
                0x080003e0       0x38 ./Core/Src/main.o
                0x080003e0                setTimer2
 .text.timerRunSeg
                0x08000418       0x34 ./Core/Src/main.o
                0x08000418                timerRunSeg
 .text.HAL_TIM_PeriodElapsedCallback
                0x0800044c       0x18 ./Core/Src/main.o
                0x0800044c                HAL_TIM_PeriodElapsedCallback
 .text.main     0x08000464       0x68 ./Core/Src/main.o
                0x08000464                main
 .text.SystemClock_Config
                0x080004cc       0x80 ./Core/Src/main.o
                0x080004cc                SystemClock_Config
 .text.MX_TIM2_Init
                0x0800054c       0x98 ./Core/Src/main.o
 .text.MX_GPIO_Init
                0x080005e4       0xdc ./Core/Src/main.o
 .text.Error_Handler
                0x080006c0        0xc ./Core/Src/main.o
                0x080006c0                Error_Handler
 .text.HAL_MspInit
                0x080006cc       0x64 ./Core/Src/stm32f1xx_hal_msp.o
                0x080006cc                HAL_MspInit
 .text.HAL_TIM_Base_MspInit
                0x08000730       0x48 ./Core/Src/stm32f1xx_hal_msp.o
                0x08000730                HAL_TIM_Base_MspInit
 .text.NMI_Handler
                0x08000778        0x8 ./Core/Src/stm32f1xx_it.o
                0x08000778                NMI_Handler
 .text.HardFault_Handler
                0x08000780        0x8 ./Core/Src/stm32f1xx_it.o
                0x08000780                HardFault_Handler
 .text.MemManage_Handler
                0x08000788        0x8 ./Core/Src/stm32f1xx_it.o
                0x08000788                MemManage_Handler
 .text.BusFault_Handler
                0x08000790        0x8 ./Core/Src/stm32f1xx_it.o
                0x08000790                BusFault_Handler
 .text.UsageFault_Handler
                0x08000798        0x8 ./Core/Src/stm32f1xx_it.o
                0x08000798                UsageFault_Handler
 .text.SVC_Handler
                0x080007a0        0xc ./Core/Src/stm32f1xx_it.o
                0x080007a0                SVC_Handler
 .text.DebugMon_Handler
                0x080007ac        0xc ./Core/Src/stm32f1xx_it.o
                0x080007ac                DebugMon_Handler
 .text.PendSV_Handler
                0x080007b8        0xc ./Core/Src/stm32f1xx_it.o
                0x080007b8                PendSV_Handler
 .text.SysTick_Handler
                0x080007c4        0xc ./Core/Src/stm32f1xx_it.o
                0x080007c4                SysTick_Handler
 .text.TIM2_IRQHandler
                0x080007d0       0x14 ./Core/Src/stm32f1xx_it.o
                0x080007d0                TIM2_IRQHandler
 .text.SystemInit
                0x080007e4        0xc ./Core/Src/system_stm32f1xx.o
                0x080007e4                SystemInit
 .text.setTimer1
                0x080007f0       0x38 ./Core/Src/timer.o
                0x080007f0                setTimer1
 .text.timerRun
                0x08000828       0x34 ./Core/Src/timer.o
                0x08000828                timerRun
 .text.Reset_Handler
                0x0800085c       0x48 ./Core/Startup/startup_stm32f103rbtx.o
                0x0800085c                Reset_Handler
 .text.Default_Handler
                0x080008a4        0x2 ./Core/Startup/startup_stm32f103rbtx.o
                0x080008a4                RTC_Alarm_IRQHandler
                0x080008a4                EXTI2_IRQHandler
                0x080008a4                TIM1_CC_IRQHandler
                0x080008a4                PVD_IRQHandler
                0x080008a4                EXTI3_IRQHandler
                0x080008a4                EXTI0_IRQHandler
                0x080008a4                I2C2_EV_IRQHandler
                0x080008a4                ADC1_2_IRQHandler
                0x080008a4                SPI1_IRQHandler
                0x080008a4                TAMPER_IRQHandler
                0x080008a4                DMA1_Channel4_IRQHandler
                0x080008a4                USART3_IRQHandler
                0x080008a4                RTC_IRQHandler
                0x080008a4                DMA1_Channel7_IRQHandler
                0x080008a4                CAN1_RX1_IRQHandler
                0x080008a4                TIM4_IRQHandler
                0x080008a4                I2C1_EV_IRQHandler
                0x080008a4                DMA1_Channel6_IRQHandler
                0x080008a4                TIM3_IRQHandler
                0x080008a4                RCC_IRQHandler
                0x080008a4                TIM1_TRG_COM_IRQHandler
                0x080008a4                DMA1_Channel1_IRQHandler
                0x080008a4                Default_Handler
                0x080008a4                EXTI15_10_IRQHandler
                0x080008a4                EXTI9_5_IRQHandler
                0x080008a4                SPI2_IRQHandler
                0x080008a4                DMA1_Channel5_IRQHandler
                0x080008a4                EXTI4_IRQHandler
                0x080008a4                USB_LP_CAN1_RX0_IRQHandler
                0x080008a4                USB_HP_CAN1_TX_IRQHandler
                0x080008a4                DMA1_Channel3_IRQHandler
                0x080008a4                TIM1_UP_IRQHandler
                0x080008a4                WWDG_IRQHandler
                0x080008a4                TIM1_BRK_IRQHandler
                0x080008a4                EXTI1_IRQHandler
                0x080008a4                USART2_IRQHandler
                0x080008a4                I2C2_ER_IRQHandler
                0x080008a4                DMA1_Channel2_IRQHandler
                0x080008a4                CAN1_SCE_IRQHandler
                0x080008a4                FLASH_IRQHandler
                0x080008a4                USART1_IRQHandler
                0x080008a4                I2C1_ER_IRQHandler
                0x080008a4                USBWakeUp_IRQHandler
 *fill*         0x080008a6        0x2 
 .text.HAL_Init
                0x080008a8       0x2c ./Drivers/STM32F1xx_HAL_Driver/Src/stm32f1xx_hal.o
                0x080008a8                HAL_Init
 .text.HAL_InitTick
                0x080008d4       0x60 ./Drivers/STM32F1xx_HAL_Driver/Src/stm32f1xx_hal.o
                0x080008d4                HAL_InitTick
 .text.HAL_IncTick
                0x08000934       0x24 ./Drivers/STM32F1xx_HAL_Driver/Src/stm32f1xx_hal.o
                0x08000934                HAL_IncTick
 .text.HAL_GetTick
                0x08000958       0x14 ./Drivers/STM32F1xx_HAL_Driver/Src/stm32f1xx_hal.o
                0x08000958                HAL_GetTick
 .text.__NVIC_SetPriorityGrouping
                0x0800096c       0x48 ./Drivers/STM32F1xx_HAL_Driver/Src/stm32f1xx_hal_cortex.o
 .text.__NVIC_GetPriorityGrouping
                0x080009b4       0x1c ./Drivers/STM32F1xx_HAL_Driver/Src/stm32f1xx_hal_cortex.o
 .text.__NVIC_EnableIRQ
                0x080009d0       0x38 ./Drivers/STM32F1xx_HAL_Driver/Src/stm32f1xx_hal_cortex.o
 .text.__NVIC_SetPriority
                0x08000a08       0x54 ./Drivers/STM32F1xx_HAL_Driver/Src/stm32f1xx_hal_cortex.o
 .text.NVIC_EncodePriority
                0x08000a5c       0x64 ./Drivers/STM32F1xx_HAL_Driver/Src/stm32f1xx_hal_cortex.o
 .text.SysTick_Config
                0x08000ac0       0x44 ./Drivers/STM32F1xx_HAL_Driver/Src/stm32f1xx_hal_cortex.o
 .text.HAL_NVIC_SetPriorityGrouping
                0x08000b04       0x16 ./Drivers/STM32F1xx_HAL_Driver/Src/stm32f1xx_hal_cortex.o
                0x08000b04                HAL_NVIC_SetPriorityGrouping
 .text.HAL_NVIC_SetPriority
                0x08000b1a       0x38 ./Drivers/STM32F1xx_HAL_Driver/Src/stm32f1xx_hal_cortex.o
                0x08000b1a                HAL_NVIC_SetPriority
 .text.HAL_NVIC_EnableIRQ
                0x08000b52       0x1c ./Drivers/STM32F1xx_HAL_Driver/Src/stm32f1xx_hal_cortex.o
                0x08000b52                HAL_NVIC_EnableIRQ
 .text.HAL_SYSTICK_Config
                0x08000b6e       0x18 ./Drivers/STM32F1xx_HAL_Driver/Src/stm32f1xx_hal_cortex.o
                0x08000b6e                HAL_SYSTICK_Config
 *fill*         0x08000b86        0x2 
 .text.HAL_GPIO_Init
                0x08000b88      0x308 ./Drivers/STM32F1xx_HAL_Driver/Src/stm32f1xx_hal_gpio.o
                0x08000b88                HAL_GPIO_Init
 .text.HAL_GPIO_WritePin
                0x08000e90       0x30 ./Drivers/STM32F1xx_HAL_Driver/Src/stm32f1xx_hal_gpio.o
                0x08000e90                HAL_GPIO_WritePin
 .text.HAL_GPIO_TogglePin
                0x08000ec0       0x32 ./Drivers/STM32F1xx_HAL_Driver/Src/stm32f1xx_hal_gpio.o
                0x08000ec0                HAL_GPIO_TogglePin
 *fill*         0x08000ef2        0x2 
 .text.HAL_RCC_OscConfig
                0x08000ef4      0x504 ./Drivers/STM32F1xx_HAL_Driver/Src/stm32f1xx_hal_rcc.o
                0x08000ef4                HAL_RCC_OscConfig
 .text.HAL_RCC_ClockConfig
                0x080013f8      0x1d4 ./Drivers/STM32F1xx_HAL_Driver/Src/stm32f1xx_hal_rcc.o
                0x080013f8                HAL_RCC_ClockConfig
 .text.HAL_RCC_GetSysClockFreq
                0x080015cc       0xa8 ./Drivers/STM32F1xx_HAL_Driver/Src/stm32f1xx_hal_rcc.o
                0x080015cc                HAL_RCC_GetSysClockFreq
 .text.RCC_Delay
                0x08001674       0x3c ./Drivers/STM32F1xx_HAL_Driver/Src/stm32f1xx_hal_rcc.o
 .text.HAL_TIM_Base_Init
                0x080016b0       0x9e ./Drivers/STM32F1xx_HAL_Driver/Src/stm32f1xx_hal_tim.o
                0x080016b0                HAL_TIM_Base_Init
 *fill*         0x0800174e        0x2 
 .text.HAL_TIM_Base_Start_IT
                0x08001750       0xa4 ./Drivers/STM32F1xx_HAL_Driver/Src/stm32f1xx_hal_tim.o
                0x08001750                HAL_TIM_Base_Start_IT
 .text.HAL_TIM_IRQHandler
                0x080017f4      0x1e0 ./Drivers/STM32F1xx_HAL_Driver/Src/stm32f1xx_hal_tim.o
                0x080017f4                HAL_TIM_IRQHandler
 .text.HAL_TIM_ConfigClockSource
                0x080019d4      0x18e ./Drivers/STM32F1xx_HAL_Driver/Src/stm32f1xx_hal_tim.o
                0x080019d4                HAL_TIM_ConfigClockSource
 .text.HAL_TIM_OC_DelayElapsedCallback
                0x08001b62       0x12 ./Drivers/STM32F1xx_HAL_Driver/Src/stm32f1xx_hal_tim.o
                0x08001b62                HAL_TIM_OC_DelayElapsedCallback
 .text.HAL_TIM_IC_CaptureCallback
                0x08001b74       0x12 ./Drivers/STM32F1xx_HAL_Driver/Src/stm32f1xx_hal_tim.o
                0x08001b74                HAL_TIM_IC_CaptureCallback
 .text.HAL_TIM_PWM_PulseFinishedCallback
                0x08001b86       0x12 ./Drivers/STM32F1xx_HAL_Driver/Src/stm32f1xx_hal_tim.o
                0x08001b86                HAL_TIM_PWM_PulseFinishedCallback
 .text.HAL_TIM_TriggerCallback
                0x08001b98       0x12 ./Drivers/STM32F1xx_HAL_Driver/Src/stm32f1xx_hal_tim.o
                0x08001b98                HAL_TIM_TriggerCallback
 *fill*         0x08001baa        0x2 
 .text.TIM_Base_SetConfig
                0x08001bac       0xdc ./Drivers/STM32F1xx_HAL_Driver/Src/stm32f1xx_hal_tim.o
                0x08001bac                TIM_Base_SetConfig
 .text.TIM_TI1_ConfigInputStage
                0x08001c88       0x5c ./Drivers/STM32F1xx_HAL_Driver/Src/stm32f1xx_hal_tim.o
 .text.TIM_TI2_ConfigInputStage
                0x08001ce4       0x5e ./Drivers/STM32F1xx_HAL_Driver/Src/stm32f1xx_hal_tim.o
 .text.TIM_ITRx_SetConfig
                0x08001d42       0x34 ./Drivers/STM32F1xx_HAL_Driver/Src/stm32f1xx_hal_tim.o
 .text.TIM_ETR_SetConfig
                0x08001d76       0x3e ./Drivers/STM32F1xx_HAL_Driver/Src/stm32f1xx_hal_tim.o
                0x08001d76                TIM_ETR_SetConfig
 .text.HAL_TIMEx_MasterConfigSynchronization
                0x08001db4       0xbc ./Drivers/STM32F1xx_HAL_Driver/Src/stm32f1xx_hal_tim_ex.o
                0x08001db4                HAL_TIMEx_MasterConfigSynchronization
 .text.HAL_TIMEx_CommutCallback
                0x08001e70       0x12 ./Drivers/STM32F1xx_HAL_Driver/Src/stm32f1xx_hal_tim_ex.o
                0x08001e70                HAL_TIMEx_CommutCallback
 .text.HAL_TIMEx_BreakCallback
                0x08001e82       0x12 ./Drivers/STM32F1xx_HAL_Driver/Src/stm32f1xx_hal_tim_ex.o
                0x08001e82                HAL_TIMEx_BreakCallback
 .text.memset   0x08001e94       0x10 C:/ST/STM32CubeIDE_1.16.0/STM32CubeIDE/plugins/com.st.stm32cube.ide.mcu.externaltools.gnu-tools-for-stm32.12.3.rel1.win32_1.0.200.202406191623/tools/bin/../lib/gcc/arm-none-eabi/12.3.1/../../../../arm-none-eabi/lib/thumb/v7-m/nofp\libc_nano.a(libc_a-memset.o)
                0x08001e94                memset
 .text.__libc_init_array
                0x08001ea4       0x48 C:/ST/STM32CubeIDE_1.16.0/STM32CubeIDE/plugins/com.st.stm32cube.ide.mcu.externaltools.gnu-tools-for-stm32.12.3.rel1.win32_1.0.200.202406191623/tools/bin/../lib/gcc/arm-none-eabi/12.3.1/../../../../arm-none-eabi/lib/thumb/v7-m/nofp\libc_nano.a(libc_a-init.o)
                0x08001ea4                __libc_init_array
 *(.glue_7)
 .glue_7        0x08001eec        0x0 linker stubs
 *(.glue_7t)
 .glue_7t       0x08001eec        0x0 linker stubs
 *(.eh_frame)
 .eh_frame      0x08001eec        0x0 C:/ST/STM32CubeIDE_1.16.0/STM32CubeIDE/plugins/com.st.stm32cube.ide.mcu.externaltools.gnu-tools-for-stm32.12.3.rel1.win32_1.0.200.202406191623/tools/bin/../lib/gcc/arm-none-eabi/12.3.1/thumb/v7-m/nofp/crtbegin.o
 *(.init)
 .init          0x08001eec        0x4 C:/ST/STM32CubeIDE_1.16.0/STM32CubeIDE/plugins/com.st.stm32cube.ide.mcu.externaltools.gnu-tools-for-stm32.12.3.rel1.win32_1.0.200.202406191623/tools/bin/../lib/gcc/arm-none-eabi/12.3.1/thumb/v7-m/nofp/crti.o
                0x08001eec                _init
 .init          0x08001ef0        0x8 C:/ST/STM32CubeIDE_1.16.0/STM32CubeIDE/plugins/com.st.stm32cube.ide.mcu.externaltools.gnu-tools-for-stm32.12.3.rel1.win32_1.0.200.202406191623/tools/bin/../lib/gcc/arm-none-eabi/12.3.1/thumb/v7-m/nofp/crtn.o
 *(.fini)
 .fini          0x08001ef8        0x4 C:/ST/STM32CubeIDE_1.16.0/STM32CubeIDE/plugins/com.st.stm32cube.ide.mcu.externaltools.gnu-tools-for-stm32.12.3.rel1.win32_1.0.200.202406191623/tools/bin/../lib/gcc/arm-none-eabi/12.3.1/thumb/v7-m/nofp/crti.o
                0x08001ef8                _fini
 .fini          0x08001efc        0x8 C:/ST/STM32CubeIDE_1.16.0/STM32CubeIDE/plugins/com.st.stm32cube.ide.mcu.externaltools.gnu-tools-for-stm32.12.3.rel1.win32_1.0.200.202406191623/tools/bin/../lib/gcc/arm-none-eabi/12.3.1/thumb/v7-m/nofp/crtn.o
                0x08001f04                        . = ALIGN (0x4)
                0x08001f04                        _etext = .

.vfp11_veneer   0x08001f04        0x0
 .vfp11_veneer  0x08001f04        0x0 linker stubs

.v4_bx          0x08001f04        0x0
 .v4_bx         0x08001f04        0x0 linker stubs

.iplt           0x08001f04        0x0
 .iplt          0x08001f04        0x0 C:/ST/STM32CubeIDE_1.16.0/STM32CubeIDE/plugins/com.st.stm32cube.ide.mcu.externaltools.gnu-tools-for-stm32.12.3.rel1.win32_1.0.200.202406191623/tools/bin/../lib/gcc/arm-none-eabi/12.3.1/thumb/v7-m/nofp/crtbegin.o

.rodata         0x08001f04       0x24
                0x08001f04                        . = ALIGN (0x4)
 *(.rodata)
 *(.rodata*)
 .rodata.AHBPrescTable
                0x08001f04       0x10 ./Core/Src/system_stm32f1xx.o
                0x08001f04                AHBPrescTable
 .rodata.aPLLMULFactorTable.1
                0x08001f14       0x10 ./Drivers/STM32F1xx_HAL_Driver/Src/stm32f1xx_hal_rcc.o
 .rodata.aPredivFactorTable.0
                0x08001f24        0x2 ./Drivers/STM32F1xx_HAL_Driver/Src/stm32f1xx_hal_rcc.o
                0x08001f28                        . = ALIGN (0x4)
 *fill*         0x08001f26        0x2 

.ARM.extab      0x08001f28        0x0
                0x08001f28                        . = ALIGN (0x4)
 *(.ARM.extab* .gnu.linkonce.armextab.*)
                0x08001f28                        . = ALIGN (0x4)

.ARM            0x08001f28        0x0
                0x08001f28                        . = ALIGN (0x4)
                0x08001f28                        __exidx_start = .
 *(.ARM.exidx*)
                0x08001f28                        __exidx_end = .
                0x08001f28                        . = ALIGN (0x4)

.preinit_array  0x08001f28        0x0
                0x08001f28                        . = ALIGN (0x4)
                0x08001f28                        PROVIDE (__preinit_array_start = .)
 *(.preinit_array*)
                0x08001f28                        PROVIDE (__preinit_array_end = .)
                0x08001f28                        . = ALIGN (0x4)

.init_array     0x08001f28        0x4
                0x08001f28                        . = ALIGN (0x4)
                0x08001f28                        PROVIDE (__init_array_start = .)
 *(SORT_BY_NAME(.init_array.*))
 *(.init_array*)
 .init_array    0x08001f28        0x4 C:/ST/STM32CubeIDE_1.16.0/STM32CubeIDE/plugins/com.st.stm32cube.ide.mcu.externaltools.gnu-tools-for-stm32.12.3.rel1.win32_1.0.200.202406191623/tools/bin/../lib/gcc/arm-none-eabi/12.3.1/thumb/v7-m/nofp/crtbegin.o
                0x08001f2c                        PROVIDE (__init_array_end = .)
                0x08001f2c                        . = ALIGN (0x4)

.fini_array     0x08001f2c        0x4
                0x08001f2c                        . = ALIGN (0x4)
                [!provide]                        PROVIDE (__fini_array_start = .)
 *(SORT_BY_NAME(.fini_array.*))
 *(.fini_array*)
 .fini_array    0x08001f2c        0x4 C:/ST/STM32CubeIDE_1.16.0/STM32CubeIDE/plugins/com.st.stm32cube.ide.mcu.externaltools.gnu-tools-for-stm32.12.3.rel1.win32_1.0.200.202406191623/tools/bin/../lib/gcc/arm-none-eabi/12.3.1/thumb/v7-m/nofp/crtbegin.o
                [!provide]                        PROVIDE (__fini_array_end = .)
                0x08001f30                        . = ALIGN (0x4)
                0x08001f30                        _sidata = LOADADDR (.data)

.rel.dyn        0x08001f30        0x0
 .rel.iplt      0x08001f30        0x0 C:/ST/STM32CubeIDE_1.16.0/STM32CubeIDE/plugins/com.st.stm32cube.ide.mcu.externaltools.gnu-tools-for-stm32.12.3.rel1.win32_1.0.200.202406191623/tools/bin/../lib/gcc/arm-none-eabi/12.3.1/thumb/v7-m/nofp/crtbegin.o

.data           0x20000000       0x28 load address 0x08001f30
                0x20000000                        . = ALIGN (0x4)
                0x20000000                        _sdata = .
 *(.data)
 *(.data*)
 .data.led_buffer
                0x20000000       0x10 ./Core/Src/ex3.o
                0x20000000                led_buffer
 .data.hour     0x20000010        0x4 ./Core/Src/ex5.o
                0x20000010                hour
 .data.minute   0x20000014        0x4 ./Core/Src/ex5.o
                0x20000014                minute
 .data.second   0x20000018        0x4 ./Core/Src/ex5.o
                0x20000018                second
 .data.SystemCoreClock
                0x2000001c        0x4 ./Core/Src/system_stm32f1xx.o
                0x2000001c                SystemCoreClock
 .data.uwTickPrio
                0x20000020        0x4 ./Drivers/STM32F1xx_HAL_Driver/Src/stm32f1xx_hal.o
                0x20000020                uwTickPrio
 .data.uwTickFreq
                0x20000024        0x1 ./Drivers/STM32F1xx_HAL_Driver/Src/stm32f1xx_hal.o
                0x20000024                uwTickFreq
 *(.RamFunc)
 *(.RamFunc*)
                0x20000028                        . = ALIGN (0x4)
 *fill*         0x20000025        0x3 
                0x20000028                        _edata = .

.igot.plt       0x20000028        0x0 load address 0x08001f58
 .igot.plt      0x20000028        0x0 C:/ST/STM32CubeIDE_1.16.0/STM32CubeIDE/plugins/com.st.stm32cube.ide.mcu.externaltools.gnu-tools-for-stm32.12.3.rel1.win32_1.0.200.202406191623/tools/bin/../lib/gcc/arm-none-eabi/12.3.1/thumb/v7-m/nofp/crtbegin.o
                0x20000028                        . = ALIGN (0x4)

.bss            0x20000028       0x7c load address 0x08001f58
                0x20000028                        _sbss = .
                0x20000028                        __bss_start__ = _sbss
 *(.bss)
 .bss           0x20000028       0x1c C:/ST/STM32CubeIDE_1.16.0/STM32CubeIDE/plugins/com.st.stm32cube.ide.mcu.externaltools.gnu-tools-for-stm32.12.3.rel1.win32_1.0.200.202406191623/tools/bin/../lib/gcc/arm-none-eabi/12.3.1/thumb/v7-m/nofp/crtbegin.o
 *(.bss*)
 .bss.state.0   0x20000044        0x4 ./Core/Src/ex5.o
 .bss.htim2     0x20000048       0x48 ./Core/Src/main.o
                0x20000048                htim2
 .bss.seg_counter
                0x20000090        0x4 ./Core/Src/main.o
                0x20000090                seg_counter
 .bss.seg_flag  0x20000094        0x4 ./Core/Src/main.o
                0x20000094                seg_flag
 .bss.timer1_counter
                0x20000098        0x4 ./Core/Src/timer.o
                0x20000098                timer1_counter
 .bss.timer1_flag
                0x2000009c        0x4 ./Core/Src/timer.o
                0x2000009c                timer1_flag
 .bss.uwTick    0x200000a0        0x4 ./Drivers/STM32F1xx_HAL_Driver/Src/stm32f1xx_hal.o
                0x200000a0                uwTick
 *(COMMON)
                0x200000a4                        . = ALIGN (0x4)
                0x200000a4                        _ebss = .
                0x200000a4                        __bss_end__ = _ebss

._user_heap_stack
                0x200000a4      0x604 load address 0x08001f58
                0x200000a8                        . = ALIGN (0x8)
 *fill*         0x200000a4        0x4 
                [!provide]                        PROVIDE (end = .)
                0x200000a8                        PROVIDE (_end = .)
                0x200002a8                        . = (. + _Min_Heap_Size)
 *fill*         0x200000a8      0x200 
                0x200006a8                        . = (. + _Min_Stack_Size)
 *fill*         0x200002a8      0x400 
                0x200006a8                        . = ALIGN (0x8)

/DISCARD/
 libc.a(*)
 libm.a(*)
 libgcc.a(*)

.ARM.attributes
                0x00000000       0x29
 *(.ARM.attributes)
 .ARM.attributes
                0x00000000       0x1d C:/ST/STM32CubeIDE_1.16.0/STM32CubeIDE/plugins/com.st.stm32cube.ide.mcu.externaltools.gnu-tools-for-stm32.12.3.rel1.win32_1.0.200.202406191623/tools/bin/../lib/gcc/arm-none-eabi/12.3.1/thumb/v7-m/nofp/crti.o
 .ARM.attributes
                0x0000001d       0x2d C:/ST/STM32CubeIDE_1.16.0/STM32CubeIDE/plugins/com.st.stm32cube.ide.mcu.externaltools.gnu-tools-for-stm32.12.3.rel1.win32_1.0.200.202406191623/tools/bin/../lib/gcc/arm-none-eabi/12.3.1/thumb/v7-m/nofp/crtbegin.o
 .ARM.attributes
                0x0000004a       0x2d ./Core/Src/display7SEG.o
 .ARM.attributes
                0x00000077       0x2d ./Core/Src/ex3.o
 .ARM.attributes
                0x000000a4       0x2d ./Core/Src/ex5.o
 .ARM.attributes
                0x000000d1       0x2d ./Core/Src/main.o
 .ARM.attributes
                0x000000fe       0x2d ./Core/Src/stm32f1xx_hal_msp.o
 .ARM.attributes
                0x0000012b       0x2d ./Core/Src/stm32f1xx_it.o
 .ARM.attributes
                0x00000158       0x2d ./Core/Src/system_stm32f1xx.o
 .ARM.attributes
                0x00000185       0x2d ./Core/Src/timer.o
 .ARM.attributes
                0x000001b2       0x21 ./Core/Startup/startup_stm32f103rbtx.o
 .ARM.attributes
                0x000001d3       0x2d ./Drivers/STM32F1xx_HAL_Driver/Src/stm32f1xx_hal.o
 .ARM.attributes
                0x00000200       0x2d ./Drivers/STM32F1xx_HAL_Driver/Src/stm32f1xx_hal_cortex.o
 .ARM.attributes
                0x0000022d       0x2d ./Drivers/STM32F1xx_HAL_Driver/Src/stm32f1xx_hal_gpio.o
 .ARM.attributes
                0x0000025a       0x2d ./Drivers/STM32F1xx_HAL_Driver/Src/stm32f1xx_hal_rcc.o
 .ARM.attributes
                0x00000287       0x2d ./Drivers/STM32F1xx_HAL_Driver/Src/stm32f1xx_hal_tim.o
 .ARM.attributes
                0x000002b4       0x2d ./Drivers/STM32F1xx_HAL_Driver/Src/stm32f1xx_hal_tim_ex.o
 .ARM.attributes
                0x000002e1       0x2d C:/ST/STM32CubeIDE_1.16.0/STM32CubeIDE/plugins/com.st.stm32cube.ide.mcu.externaltools.gnu-tools-for-stm32.12.3.rel1.win32_1.0.200.202406191623/tools/bin/../lib/gcc/arm-none-eabi/12.3.1/../../../../arm-none-eabi/lib/thumb/v7-m/nofp\libc_nano.a(libc_a-memset.o)
 .ARM.attributes
                0x0000030e       0x2d C:/ST/STM32CubeIDE_1.16.0/STM32CubeIDE/plugins/com.st.stm32cube.ide.mcu.externaltools.gnu-tools-for-stm32.12.3.rel1.win32_1.0.200.202406191623/tools/bin/../lib/gcc/arm-none-eabi/12.3.1/../../../../arm-none-eabi/lib/thumb/v7-m/nofp\libc_nano.a(libc_a-init.o)
 .ARM.attributes
                0x0000033b       0x1d C:/ST/STM32CubeIDE_1.16.0/STM32CubeIDE/plugins/com.st.stm32cube.ide.mcu.externaltools.gnu-tools-for-stm32.12.3.rel1.win32_1.0.200.202406191623/tools/bin/../lib/gcc/arm-none-eabi/12.3.1/thumb/v7-m/nofp/crtn.o
OUTPUT(LAB2.elf elf32-littlearm)
LOAD linker stubs
LOAD C:/ST/STM32CubeIDE_1.16.0/STM32CubeIDE/plugins/com.st.stm32cube.ide.mcu.externaltools.gnu-tools-for-stm32.12.3.rel1.win32_1.0.200.202406191623/tools/bin/../lib/gcc/arm-none-eabi/12.3.1/../../../../arm-none-eabi/lib/thumb/v7-m/nofp\libc.a
LOAD C:/ST/STM32CubeIDE_1.16.0/STM32CubeIDE/plugins/com.st.stm32cube.ide.mcu.externaltools.gnu-tools-for-stm32.12.3.rel1.win32_1.0.200.202406191623/tools/bin/../lib/gcc/arm-none-eabi/12.3.1/../../../../arm-none-eabi/lib/thumb/v7-m/nofp\libm.a
LOAD C:/ST/STM32CubeIDE_1.16.0/STM32CubeIDE/plugins/com.st.stm32cube.ide.mcu.externaltools.gnu-tools-for-stm32.12.3.rel1.win32_1.0.200.202406191623/tools/bin/../lib/gcc/arm-none-eabi/12.3.1/thumb/v7-m/nofp\libgcc.a

.debug_info     0x00000000     0x80c3
 .debug_info    0x00000000      0x184 ./Core/Src/display7SEG.o
 .debug_info    0x00000184      0x1e7 ./Core/Src/ex3.o
 .debug_info    0x0000036b      0x10d ./Core/Src/ex5.o
 .debug_info    0x00000478      0xc49 ./Core/Src/main.o
 .debug_info    0x000010c1      0x938 ./Core/Src/stm32f1xx_hal_msp.o
 .debug_info    0x000019f9      0x6a1 ./Core/Src/stm32f1xx_it.o
 .debug_info    0x0000209a      0x222 ./Core/Src/system_stm32f1xx.o
 .debug_info    0x000022bc       0xd8 ./Core/Src/timer.o
 .debug_info    0x00002394       0x30 ./Core/Startup/startup_stm32f103rbtx.o
 .debug_info    0x000023c4      0x704 ./Drivers/STM32F1xx_HAL_Driver/Src/stm32f1xx_hal.o
 .debug_info    0x00002ac8      0xa87 ./Drivers/STM32F1xx_HAL_Driver/Src/stm32f1xx_hal_cortex.o
 .debug_info    0x0000354f      0x5ab ./Drivers/STM32F1xx_HAL_Driver/Src/stm32f1xx_hal_gpio.o
 .debug_info    0x00003afa      0x7d5 ./Drivers/STM32F1xx_HAL_Driver/Src/stm32f1xx_hal_rcc.o
 .debug_info    0x000042cf     0x2959 ./Drivers/STM32F1xx_HAL_Driver/Src/stm32f1xx_hal_tim.o
 .debug_info    0x00006c28     0x149b ./Drivers/STM32F1xx_HAL_Driver/Src/stm32f1xx_hal_tim_ex.o

.debug_abbrev   0x00000000     0x198d
 .debug_abbrev  0x00000000       0xf1 ./Core/Src/display7SEG.o
 .debug_abbrev  0x000000f1      0x144 ./Core/Src/ex3.o
 .debug_abbrev  0x00000235       0xc1 ./Core/Src/ex5.o
 .debug_abbrev  0x000002f6      0x2f4 ./Core/Src/main.o
 .debug_abbrev  0x000005ea      0x1ad ./Core/Src/stm32f1xx_hal_msp.o
 .debug_abbrev  0x00000797      0x191 ./Core/Src/stm32f1xx_it.o
 .debug_abbrev  0x00000928      0x13f ./Core/Src/system_stm32f1xx.o
 .debug_abbrev  0x00000a67       0x93 ./Core/Src/timer.o
 .debug_abbrev  0x00000afa       0x24 ./Core/Startup/startup_stm32f103rbtx.o
 .debug_abbrev  0x00000b1e      0x201 ./Drivers/STM32F1xx_HAL_Driver/Src/stm32f1xx_hal.o
 .debug_abbrev  0x00000d1f      0x2f8 ./Drivers/STM32F1xx_HAL_Driver/Src/stm32f1xx_hal_cortex.o
 .debug_abbrev  0x00001017      0x1ca ./Drivers/STM32F1xx_HAL_Driver/Src/stm32f1xx_hal_gpio.o
 .debug_abbrev  0x000011e1      0x2b3 ./Drivers/STM32F1xx_HAL_Driver/Src/stm32f1xx_hal_rcc.o
 .debug_abbrev  0x00001494      0x277 ./Drivers/STM32F1xx_HAL_Driver/Src/stm32f1xx_hal_tim.o
 .debug_abbrev  0x0000170b      0x282 ./Drivers/STM32F1xx_HAL_Driver/Src/stm32f1xx_hal_tim_ex.o

.debug_aranges  0x00000000      0x9d0
 .debug_aranges
                0x00000000       0x20 ./Core/Src/display7SEG.o
 .debug_aranges
                0x00000020       0x20 ./Core/Src/ex3.o
 .debug_aranges
                0x00000040       0x28 ./Core/Src/ex5.o
 .debug_aranges
                0x00000068       0x58 ./Core/Src/main.o
 .debug_aranges
                0x000000c0       0x30 ./Core/Src/stm32f1xx_hal_msp.o
 .debug_aranges
                0x000000f0       0x68 ./Core/Src/stm32f1xx_it.o
 .debug_aranges
                0x00000158       0x28 ./Core/Src/system_stm32f1xx.o
 .debug_aranges
                0x00000180       0x28 ./Core/Src/timer.o
 .debug_aranges
                0x000001a8       0x28 ./Core/Startup/startup_stm32f103rbtx.o
 .debug_aranges
                0x000001d0       0xe0 ./Drivers/STM32F1xx_HAL_Driver/Src/stm32f1xx_hal.o
 .debug_aranges
                0x000002b0      0x100 ./Drivers/STM32F1xx_HAL_Driver/Src/stm32f1xx_hal_cortex.o
 .debug_aranges
                0x000003b0       0x58 ./Drivers/STM32F1xx_HAL_Driver/Src/stm32f1xx_hal_gpio.o
 .debug_aranges
                0x00000408       0x90 ./Drivers/STM32F1xx_HAL_Driver/Src/stm32f1xx_hal_rcc.o
 .debug_aranges
                0x00000498      0x3d0 ./Drivers/STM32F1xx_HAL_Driver/Src/stm32f1xx_hal_tim.o
 .debug_aranges
                0x00000868      0x168 ./Drivers/STM32F1xx_HAL_Driver/Src/stm32f1xx_hal_tim_ex.o

.debug_rnglists
                0x00000000      0x77e
 .debug_rnglists
                0x00000000       0x14 ./Core/Src/display7SEG.o
 .debug_rnglists
                0x00000014       0x14 ./Core/Src/ex3.o
 .debug_rnglists
                0x00000028       0x1a ./Core/Src/ex5.o
 .debug_rnglists
                0x00000042       0x40 ./Core/Src/main.o
 .debug_rnglists
                0x00000082       0x1f ./Core/Src/stm32f1xx_hal_msp.o
 .debug_rnglists
                0x000000a1       0x49 ./Core/Src/stm32f1xx_it.o
 .debug_rnglists
                0x000000ea       0x1a ./Core/Src/system_stm32f1xx.o
 .debug_rnglists
                0x00000104       0x19 ./Core/Src/timer.o
 .debug_rnglists
                0x0000011d       0x19 ./Core/Startup/startup_stm32f103rbtx.o
 .debug_rnglists
                0x00000136       0xa3 ./Drivers/STM32F1xx_HAL_Driver/Src/stm32f1xx_hal.o
 .debug_rnglists
                0x000001d9       0xbb ./Drivers/STM32F1xx_HAL_Driver/Src/stm32f1xx_hal_cortex.o
 .debug_rnglists
                0x00000294       0x3f ./Drivers/STM32F1xx_HAL_Driver/Src/stm32f1xx_hal_gpio.o
 .debug_rnglists
                0x000002d3       0x6c ./Drivers/STM32F1xx_HAL_Driver/Src/stm32f1xx_hal_rcc.o
 .debug_rnglists
                0x0000033f      0x31a ./Drivers/STM32F1xx_HAL_Driver/Src/stm32f1xx_hal_tim.o
 .debug_rnglists
                0x00000659      0x125 ./Drivers/STM32F1xx_HAL_Driver/Src/stm32f1xx_hal_tim_ex.o

.debug_macro    0x00000000    0x16e4c
 .debug_macro   0x00000000      0x1a8 ./Core/Src/display7SEG.o
 .debug_macro   0x000001a8      0xaa8 ./Core/Src/display7SEG.o
 .debug_macro   0x00000c50      0x215 ./Core/Src/display7SEG.o
 .debug_macro   0x00000e65       0x2e ./Core/Src/display7SEG.o
 .debug_macro   0x00000e93       0x22 ./Core/Src/display7SEG.o
 .debug_macro   0x00000eb5       0x22 ./Core/Src/display7SEG.o
 .debug_macro   0x00000ed7       0x8e ./Core/Src/display7SEG.o
 .debug_macro   0x00000f65       0x51 ./Core/Src/display7SEG.o
 .debug_macro   0x00000fb6      0x103 ./Core/Src/display7SEG.o
 .debug_macro   0x000010b9       0x6a ./Core/Src/display7SEG.o
 .debug_macro   0x00001123      0x1df ./Core/Src/display7SEG.o
 .debug_macro   0x00001302       0x1c ./Core/Src/display7SEG.o
 .debug_macro   0x0000131e       0x22 ./Core/Src/display7SEG.o
 .debug_macro   0x00001340       0xbd ./Core/Src/display7SEG.o
 .debug_macro   0x000013fd      0xd23 ./Core/Src/display7SEG.o
 .debug_macro   0x00002120     0xe09e ./Core/Src/display7SEG.o
 .debug_macro   0x000101be       0x6d ./Core/Src/display7SEG.o
 .debug_macro   0x0001022b     0x34a2 ./Core/Src/display7SEG.o
 .debug_macro   0x000136cd      0x189 ./Core/Src/display7SEG.o
 .debug_macro   0x00013856       0x5c ./Core/Src/display7SEG.o
 .debug_macro   0x000138b2      0x5bc ./Core/Src/display7SEG.o
 .debug_macro   0x00013e6e      0x289 ./Core/Src/display7SEG.o
 .debug_macro   0x000140f7      0x1cb ./Core/Src/display7SEG.o
 .debug_macro   0x000142c2      0x114 ./Core/Src/display7SEG.o
 .debug_macro   0x000143d6      0x1b2 ./Core/Src/display7SEG.o
 .debug_macro   0x00014588       0x27 ./Core/Src/display7SEG.o
 .debug_macro   0x000145af      0x136 ./Core/Src/display7SEG.o
 .debug_macro   0x000146e5      0x1bc ./Core/Src/display7SEG.o
 .debug_macro   0x000148a1       0x34 ./Core/Src/display7SEG.o
 .debug_macro   0x000148d5       0x3c ./Core/Src/display7SEG.o
 .debug_macro   0x00014911       0x57 ./Core/Src/display7SEG.o
 .debug_macro   0x00014968       0x87 ./Core/Src/display7SEG.o
 .debug_macro   0x000149ef      0x240 ./Core/Src/display7SEG.o
 .debug_macro   0x00014c2f      0x140 ./Core/Src/display7SEG.o
 .debug_macro   0x00014d6f      0x8ed ./Core/Src/display7SEG.o
 .debug_macro   0x0001565c       0x83 ./Core/Src/display7SEG.o
 .debug_macro   0x000156df      0x154 ./Core/Src/display7SEG.o
 .debug_macro   0x00015833      0x1bc ./Core/Src/ex3.o
 .debug_macro   0x000159ef      0x1c0 ./Core/Src/ex5.o
 .debug_macro   0x00015baf      0x1c0 ./Core/Src/main.o
 .debug_macro   0x00015d6f      0x1a8 ./Core/Src/stm32f1xx_hal_msp.o
 .debug_macro   0x00015f17      0x1b2 ./Core/Src/stm32f1xx_it.o
 .debug_macro   0x000160c9      0x199 ./Core/Src/system_stm32f1xx.o
 .debug_macro   0x00016262      0x1b2 ./Core/Src/timer.o
 .debug_macro   0x00016414      0x1bd ./Drivers/STM32F1xx_HAL_Driver/Src/stm32f1xx_hal.o
 .debug_macro   0x000165d1      0x199 ./Drivers/STM32F1xx_HAL_Driver/Src/stm32f1xx_hal_cortex.o
 .debug_macro   0x0001676a      0x204 ./Drivers/STM32F1xx_HAL_Driver/Src/stm32f1xx_hal_gpio.o
 .debug_macro   0x0001696e      0x1ab ./Drivers/STM32F1xx_HAL_Driver/Src/stm32f1xx_hal_rcc.o
 .debug_macro   0x00016b19      0x19a ./Drivers/STM32F1xx_HAL_Driver/Src/stm32f1xx_hal_tim.o
 .debug_macro   0x00016cb3      0x199 ./Drivers/STM32F1xx_HAL_Driver/Src/stm32f1xx_hal_tim_ex.o

.debug_line     0x00000000     0xb640
 .debug_line    0x00000000      0x6fc ./Core/Src/display7SEG.o
 .debug_line    0x000006fc      0x70a ./Core/Src/ex3.o
 .debug_line    0x00000e06      0x74d ./Core/Src/ex5.o
 .debug_line    0x00001553      0x872 ./Core/Src/main.o
 .debug_line    0x00001dc5      0x729 ./Core/Src/stm32f1xx_hal_msp.o
 .debug_line    0x000024ee      0x7c7 ./Core/Src/stm32f1xx_it.o
 .debug_line    0x00002cb5      0x76b ./Core/Src/system_stm32f1xx.o
 .debug_line    0x00003420      0x716 ./Core/Src/timer.o
 .debug_line    0x00003b36       0x78 ./Core/Startup/startup_stm32f103rbtx.o
 .debug_line    0x00003bae      0x998 ./Drivers/STM32F1xx_HAL_Driver/Src/stm32f1xx_hal.o
 .debug_line    0x00004546      0xb84 ./Drivers/STM32F1xx_HAL_Driver/Src/stm32f1xx_hal_cortex.o
 .debug_line    0x000050ca      0xa31 ./Drivers/STM32F1xx_HAL_Driver/Src/stm32f1xx_hal_gpio.o
 .debug_line    0x00005afb      0xda1 ./Drivers/STM32F1xx_HAL_Driver/Src/stm32f1xx_hal_rcc.o
 .debug_line    0x0000689c     0x34bd ./Drivers/STM32F1xx_HAL_Driver/Src/stm32f1xx_hal_tim.o
 .debug_line    0x00009d59     0x18e7 ./Drivers/STM32F1xx_HAL_Driver/Src/stm32f1xx_hal_tim_ex.o

.debug_str      0x00000000    0x84764
 .debug_str     0x00000000    0x81bf1 ./Core/Src/display7SEG.o
                              0x81f18 (size before relaxing)
 .debug_str     0x00081bf1       0x60 ./Core/Src/ex3.o
                              0x81f5e (size before relaxing)
 .debug_str     0x00081c51       0x50 ./Core/Src/ex5.o
                              0x81eef (size before relaxing)
 .debug_str     0x00081ca1      0x807 ./Core/Src/main.o
                              0x827d4 (size before relaxing)
 .debug_str     0x000824a8      0x33a ./Core/Src/stm32f1xx_hal_msp.o
                              0x82730 (size before relaxing)
 .debug_str     0x000827e2       0xec ./Core/Src/stm32f1xx_it.o
                              0x82431 (size before relaxing)
 .debug_str     0x000828ce       0x88 ./Core/Src/system_stm32f1xx.o
                              0x81aca (size before relaxing)
 .debug_str     0x00082956       0x29 ./Core/Src/timer.o
                              0x81ed0 (size before relaxing)
 .debug_str     0x0008297f       0x44 ./Core/Startup/startup_stm32f103rbtx.o
                                 0x7c (size before relaxing)
 .debug_str     0x000829c3      0x38e ./Drivers/STM32F1xx_HAL_Driver/Src/stm32f1xx_hal.o
                              0x821fd (size before relaxing)
 .debug_str     0x00082d51      0x294 ./Drivers/STM32F1xx_HAL_Driver/Src/stm32f1xx_hal_cortex.o
                              0x82149 (size before relaxing)
 .debug_str     0x00082fe5      0x2e3 ./Drivers/STM32F1xx_HAL_Driver/Src/stm32f1xx_hal_gpio.o
                              0x81e50 (size before relaxing)
 .debug_str     0x000832c8      0x229 ./Drivers/STM32F1xx_HAL_Driver/Src/stm32f1xx_hal_rcc.o
                              0x81ef9 (size before relaxing)
 .debug_str     0x000834f1      0xde0 ./Drivers/STM32F1xx_HAL_Driver/Src/stm32f1xx_hal_tim.o
                              0x82efb (size before relaxing)
 .debug_str     0x000842d1      0x493 ./Drivers/STM32F1xx_HAL_Driver/Src/stm32f1xx_hal_tim_ex.o
                              0x82707 (size before relaxing)

.comment        0x00000000       0x43
 .comment       0x00000000       0x43 ./Core/Src/display7SEG.o
                                 0x44 (size before relaxing)
 .comment       0x00000043       0x44 ./Core/Src/ex3.o
 .comment       0x00000043       0x44 ./Core/Src/ex5.o
 .comment       0x00000043       0x44 ./Core/Src/main.o
 .comment       0x00000043       0x44 ./Core/Src/stm32f1xx_hal_msp.o
 .comment       0x00000043       0x44 ./Core/Src/stm32f1xx_it.o
 .comment       0x00000043       0x44 ./Core/Src/system_stm32f1xx.o
 .comment       0x00000043       0x44 ./Core/Src/timer.o
 .comment       0x00000043       0x44 ./Drivers/STM32F1xx_HAL_Driver/Src/stm32f1xx_hal.o
 .comment       0x00000043       0x44 ./Drivers/STM32F1xx_HAL_Driver/Src/stm32f1xx_hal_cortex.o
 .comment       0x00000043       0x44 ./Drivers/STM32F1xx_HAL_Driver/Src/stm32f1xx_hal_gpio.o
 .comment       0x00000043       0x44 ./Drivers/STM32F1xx_HAL_Driver/Src/stm32f1xx_hal_rcc.o
 .comment       0x00000043       0x44 ./Drivers/STM32F1xx_HAL_Driver/Src/stm32f1xx_hal_tim.o
 .comment       0x00000043       0x44 ./Drivers/STM32F1xx_HAL_Driver/Src/stm32f1xx_hal_tim_ex.o

.debug_frame    0x00000000     0x271c
 .debug_frame   0x00000000       0x34 ./Core/Src/display7SEG.o
 .debug_frame   0x00000034       0x34 ./Core/Src/ex3.o
 .debug_frame   0x00000068       0x4c ./Core/Src/ex5.o
 .debug_frame   0x000000b4      0x11c ./Core/Src/main.o
 .debug_frame   0x000001d0       0x80 ./Core/Src/stm32f1xx_hal_msp.o
 .debug_frame   0x00000250      0x120 ./Core/Src/stm32f1xx_it.o
 .debug_frame   0x00000370       0x58 ./Core/Src/system_stm32f1xx.o
 .debug_frame   0x000003c8       0x58 ./Core/Src/timer.o
 .debug_frame   0x00000420      0x334 ./Drivers/STM32F1xx_HAL_Driver/Src/stm32f1xx_hal.o
 .debug_frame   0x00000754      0x428 ./Drivers/STM32F1xx_HAL_Driver/Src/stm32f1xx_hal_cortex.o
 .debug_frame   0x00000b7c      0x14c ./Drivers/STM32F1xx_HAL_Driver/Src/stm32f1xx_hal_gpio.o
 .debug_frame   0x00000cc8      0x218 ./Drivers/STM32F1xx_HAL_Driver/Src/stm32f1xx_hal_rcc.o
 .debug_frame   0x00000ee0     0x11b8 ./Drivers/STM32F1xx_HAL_Driver/Src/stm32f1xx_hal_tim.o
 .debug_frame   0x00002098      0x638 ./Drivers/STM32F1xx_HAL_Driver/Src/stm32f1xx_hal_tim_ex.o
 .debug_frame   0x000026d0       0x20 C:/ST/STM32CubeIDE_1.16.0/STM32CubeIDE/plugins/com.st.stm32cube.ide.mcu.externaltools.gnu-tools-for-stm32.12.3.rel1.win32_1.0.200.202406191623/tools/bin/../lib/gcc/arm-none-eabi/12.3.1/../../../../arm-none-eabi/lib/thumb/v7-m/nofp\libc_nano.a(libc_a-memset.o)
 .debug_frame   0x000026f0       0x2c C:/ST/STM32CubeIDE_1.16.0/STM32CubeIDE/plugins/com.st.stm32cube.ide.mcu.externaltools.gnu-tools-for-stm32.12.3.rel1.win32_1.0.200.202406191623/tools/bin/../lib/gcc/arm-none-eabi/12.3.1/../../../../arm-none-eabi/lib/thumb/v7-m/nofp\libc_nano.a(libc_a-init.o)

.debug_line_str
                0x00000000       0x60
 .debug_line_str
                0x00000000       0x60 ./Core/Startup/startup_stm32f103rbtx.o
